---------------------------------------------------------------------------------------------------
Date: 10/5/2026 -- 18:28:51 (uptime: 0d, 00h 00m 02s)
---------------------------------------------------------------------------------------------------
Counter                                                      | TM Name                   | Value
---------------------------------------------------------------------------------------------------
decoder.pkts                                                 | Total                     | 15512
decoder.bytes                                                | Total                     | 6333775
decoder.ipv4                                                 | Total                     | 14676
decoder.ethernet                                             | Total                     | 15512
decoder.arp                                                  | Total                     | 836
decoder.tcp                                                  | Total                     | 12544
tcp.syn                                                      | Total                     | 349
tcp.synack                                                   | Total                     | 351
tcp.rst                                                      | Total                     | 328
decoder.udp                                                  | Total                     | 2113
decoder.icmpv4                                               | Total                     | 19
decoder.avg_pkt_size                                         | Total                     | 408
decoder.max_pkt_size                                         | Total                     | 1514
flow.total                                                   | Total                     | 795
flow.tcp                                                     | Total                     | 352
flow.udp                                                     | Total                     | 443
flow.wrk.spare_sync_avg                                      | Total                     | 100
flow.wrk.spare_sync                                          | Total                     | 12
flow.wrk.flows_evicted_needs_work                            | Total                     | 128
flow.wrk.flows_evicted_pkt_inject                            | Total                     | 184
flow.wrk.flows_evicted                                       | Total                     | 226
flow.wrk.flows_injected                                      | Total                     | 128
tcp.sessions                                                 | Total                     | 349
tcp.ssn_from_pool                                            | Total                     | 349
tcp.segment_from_cache                                       | Total                     | 6368
tcp.segment_from_pool                                        | Total                     | 241
tcp.stream_depth_reached                                     | Total                     | 1
tcp.overlap                                                  | Total                     | 12
detect.alert                                                 | Total                     | 264
app_layer.flow.http                                          | Total                     | 19
app_layer.tx.http                                            | Total                     | 308
app_layer.flow.tls                                           | Total                     | 152
app_layer.flow.smb                                           | Total                     | 24
app_layer.tx.smb                                             | Total                     | 328
app_layer.flow.dcerpc_tcp                                    | Total                     | 81
app_layer.tx.dcerpc_tcp                                      | Total                     | 380
app_layer.flow.ntp                                           | Total                     | 13
app_layer.flow.krb5_tcp                                      | Total                     | 8
app_layer.tx.krb5_tcp                                        | Total                     | 16
app_layer.flow.quic                                          | Total                     | 8
app_layer.flow.dhcp                                          | Total                     | 2
app_layer.flow.ldap_tcp                                      | Total                     | 61
app_layer.tx.ldap_tcp                                        | Total                     | 90
app_layer.error.ldap_tcp.parser                              | Total                     | 61
app_layer.flow.mdns                                          | Total                     | 1
app_layer.flow.failed_udp                                    | Total                     | 180
app_layer.flow.dns_udp                                       | Total                     | 215
app_layer.tx.dns_udp                                         | Total                     | 809
app_layer.tx.ntp                                             | Total                     | 28
app_layer.tx.quic                                            | Total                     | 40
app_layer.tx.dhcp                                            | Total                     | 4
app_layer.flow.ldap_udp                                      | Total                     | 24
app_layer.tx.ldap_udp                                        | Total                     | 32
app_layer.tx.mdns                                            | Total                     | 3
flow.end.state.new                                           | Total                     | 186
flow.end.state.established                                   | Total                     | 265
flow.end.state.closed                                        | Total                     | 344
flow.end.tcp_state.established                               | Total                     | 5
flow.end.tcp_state.time_wait                                 | Total                     | 3
flow.end.tcp_state.closed                                    | Total                     | 341
flow.mgr.rows_per_sec                                        | Total                     | 7208
flow.spare                                                   | Total                     | 9900
memcap.pressure                                              | Total                     | 11
memcap.pressure_max                                          | Total                     | 11
defrag.memuse                                                | Total                     | 8388496
flow.recycler.recycled                                       | Total                     | 441
flow.recycler.queue_avg                                      | Total                     | 9
flow.recycler.queue_max                                      | Total                     | 441
tcp.memuse                                                   | Total                     | 7471104
tcp.reassembly_memuse                                        | Total                     | 1376256
http.memuse                                                  | Total                     | 268344
http.byterange.memuse                                        | Total                     | 763850
http.byterange.memcap                                        | Total                     | 104857600
ippair.memuse                                                | Total                     | 366144
ippair.memcap                                                | Total                     | 16777216
host.memuse                                                  | Total                     | 350144
host.memcap                                                  | Total                     | 33554432
detect.thresholds.cache.memuse                               | Total                     | 26208
flow.memuse                                                  | Total                     | 6834304
